Sat May  3 18:09:51 UTC 2025: starting GitHub sync
Sat May  3 18:09:51 UTC 2025: syncing cumulative_data.csv to GitHub
{
  "message": "Invalid request.\n\n\"sha\" wasn't supplied.",
  "documentation_url": "https://docs.github.com/rest/repos/contents#create-or-update-file-contents",
  "status": "422"
}
Sat May  3 18:09:51 UTC 2025: successfully synced cumulative_data.csv
Sat May  3 18:09:51 UTC 2025: syncing past_24_hours_data.csv to GitHub
{
  "message": "Invalid request.\n\n\"sha\" wasn't supplied.",
  "documentation_url": "https://docs.github.com/rest/repos/contents#create-or-update-file-contents",
  "status": "422"
}
Sat May  3 18:09:51 UTC 2025: successfully synced past_24_hours_data.csv
Sat May  3 18:10:47 UTC 2025: starting GitHub sync
Sat May  3 18:10:47 UTC 2025: syncing cumulative_data.csv to GitHub
{
  "message": "Invalid request.\n\n\"sha\" wasn't supplied.",
  "documentation_url": "https://docs.github.com/rest/repos/contents#create-or-update-file-contents",
  "status": "422"
}
Sat May  3 18:10:47 UTC 2025: successfully synced cumulative_data.csv
Sat May  3 18:10:47 UTC 2025: syncing past_24_hours_data.csv to GitHub
{
  "message": "Invalid request.\n\n\"sha\" wasn't supplied.",
  "documentation_url": "https://docs.github.com/rest/repos/contents#create-or-update-file-contents",
  "status": "422"
}
Sat May  3 18:10:47 UTC 2025: successfully synced past_24_hours_data.csv
Sat May  3 18:14:20 UTC 2025: Starting GitHub sync
Sat May  3 18:14:20 UTC 2025: Getting SHA for cumulative_data.csv
Sat May  3 18:14:20 UTC 2025: Found SHA: 662306f16c4dbc92e5df4af2489b3c58987912c4
Sat May  3 18:14:20 UTC 2025: Updating cumulative_data.csv on GitHub
{
  "content": {
    "name": "cumulative_data.csv",
    "path": "cumulative_data.csv",
    "sha": "662306f16c4dbc92e5df4af2489b3c58987912c4",
    "size": 82,
    "url": "https://api.github.com/repos/bilals12/see/contents/cumulative_data.csv?ref=main",
    "html_url": "https://github.com/bilals12/see/blob/main/cumulative_data.csv",
    "git_url": "https://api.github.com/repos/bilals12/see/git/blobs/662306f16c4dbc92e5df4af2489b3c58987912c4",
    "download_url": "https://raw.githubusercontent.com/bilals12/see/main/cumulative_data.csv",
    "type": "file",
    "_links": {
      "self": "https://api.github.com/repos/bilals12/see/contents/cumulative_data.csv?ref=main",
      "git": "https://api.github.com/repos/bilals12/see/git/blobs/662306f16c4dbc92e5df4af2489b3c58987912c4",
      "html": "https://github.com/bilals12/see/blob/main/cumulative_data.csv"
    }
  },
  "commit": {
    "sha": "3dadec023f48d1732639da59a551999b1d67746e",
    "node_id": "C_kwDOMkLNg9oAKDNkYWRlYzAyM2Y0OGQxNzMyNjM5ZGE1OWE1NTE5OTliMWQ2Nzc0NmU",
    "url": "https://api.github.com/repos/bilals12/see/git/commits/3dadec023f48d1732639da59a551999b1d67746e",
    "html_url": "https://github.com/bilals12/see/commit/3dadec023f48d1732639da59a551999b1d67746e",
    "author": {
      "name": "bilals12",
      "email": "bilal.s12@protonmail.com",
      "date": "2025-05-03T18:14:21Z"
    },
    "committer": {
      "name": "bilals12",
      "email": "bilal.s12@protonmail.com",
      "date": "2025-05-03T18:14:21Z"
    },
    "tree": {
      "sha": "95a6c1fa7d2c01b95cfe19a988cefa78490b4221",
      "url": "https://api.github.com/repos/bilals12/see/git/trees/95a6c1fa7d2c01b95cfe19a988cefa78490b4221"
    },
    "message": "Update cumulative_data.csv - 2025-05-03 18:14:20",
    "parents": [
      {
        "sha": "297c8d11b9f2df7812c121653930194ec7f6dc9c",
        "url": "https://api.github.com/repos/bilals12/see/git/commits/297c8d11b9f2df7812c121653930194ec7f6dc9c",
        "html_url": "https://github.com/bilals12/see/commit/297c8d11b9f2df7812c121653930194ec7f6dc9c"
      }
    ],
    "verification": {
      "verified": false,
      "reason": "unsigned",
      "signature": null,
      "payload": null,
      "verified_at": null
    }
  }
}
Sat May  3 18:14:21 UTC 2025: Successfully updated cumulative_data.csv
Sat May  3 18:14:21 UTC 2025: Getting SHA for past_24_hours_data.csv
Sat May  3 18:14:21 UTC 2025: Found SHA: 2d7749392f47b69254d26f11c6966497171f1072
Sat May  3 18:14:21 UTC 2025: Updating past_24_hours_data.csv on GitHub
{
  "content": {
    "name": "past_24_hours_data.csv",
    "path": "past_24_hours_data.csv",
    "sha": "2d7749392f47b69254d26f11c6966497171f1072",
    "size": 1143,
    "url": "https://api.github.com/repos/bilals12/see/contents/past_24_hours_data.csv?ref=main",
    "html_url": "https://github.com/bilals12/see/blob/main/past_24_hours_data.csv",
    "git_url": "https://api.github.com/repos/bilals12/see/git/blobs/2d7749392f47b69254d26f11c6966497171f1072",
    "download_url": "https://raw.githubusercontent.com/bilals12/see/main/past_24_hours_data.csv",
    "type": "file",
    "_links": {
      "self": "https://api.github.com/repos/bilals12/see/contents/past_24_hours_data.csv?ref=main",
      "git": "https://api.github.com/repos/bilals12/see/git/blobs/2d7749392f47b69254d26f11c6966497171f1072",
      "html": "https://github.com/bilals12/see/blob/main/past_24_hours_data.csv"
    }
  },
  "commit": {
    "sha": "6c98a9dad3fc3c211a42b6eb7b18ad7e9c233a5b",
    "node_id": "C_kwDOMkLNg9oAKDZjOThhOWRhZDNmYzNjMjExYTQyYjZlYjdiMThhZDdlOWMyMzNhNWI",
    "url": "https://api.github.com/repos/bilals12/see/git/commits/6c98a9dad3fc3c211a42b6eb7b18ad7e9c233a5b",
    "html_url": "https://github.com/bilals12/see/commit/6c98a9dad3fc3c211a42b6eb7b18ad7e9c233a5b",
    "author": {
      "name": "bilals12",
      "email": "bilal.s12@protonmail.com",
      "date": "2025-05-03T18:14:21Z"
    },
    "committer": {
      "name": "bilals12",
      "email": "bilal.s12@protonmail.com",
      "date": "2025-05-03T18:14:21Z"
    },
    "tree": {
      "sha": "95a6c1fa7d2c01b95cfe19a988cefa78490b4221",
      "url": "https://api.github.com/repos/bilals12/see/git/trees/95a6c1fa7d2c01b95cfe19a988cefa78490b4221"
    },
    "message": "Update past_24_hours_data.csv - 2025-05-03 18:14:21",
    "parents": [
      {
        "sha": "3dadec023f48d1732639da59a551999b1d67746e",
        "url": "https://api.github.com/repos/bilals12/see/git/commits/3dadec023f48d1732639da59a551999b1d67746e",
        "html_url": "https://github.com/bilals12/see/commit/3dadec023f48d1732639da59a551999b1d67746e"
      }
    ],
    "verification": {
      "verified": false,
      "reason": "unsigned",
      "signature": null,
      "payload": null,
      "verified_at": null
    }
  }
}
Sat May  3 18:14:22 UTC 2025: Successfully updated past_24_hours_data.csv
Sat May  3 18:21:51 UTC 2025: starting GitHub sync
Sat May  3 18:21:51 UTC 2025: getting SHA for cumulative_data.csv
Sat May  3 18:21:51 UTC 2025: found SHA: 662306f16c4dbc92e5df4af2489b3c58987912c4
Sat May  3 18:21:51 UTC 2025: updating cumulative_data.csv on GitHub
{
  "content": {
    "name": "cumulative_data.csv",
    "path": "cumulative_data.csv",
    "sha": "8445ab92bc3b0fdd16a725b75336dd4be7ad19af",
    "size": 124,
    "url": "https://api.github.com/repos/bilals12/see/contents/cumulative_data.csv?ref=main",
    "html_url": "https://github.com/bilals12/see/blob/main/cumulative_data.csv",
    "git_url": "https://api.github.com/repos/bilals12/see/git/blobs/8445ab92bc3b0fdd16a725b75336dd4be7ad19af",
    "download_url": "https://raw.githubusercontent.com/bilals12/see/main/cumulative_data.csv",
    "type": "file",
    "_links": {
      "self": "https://api.github.com/repos/bilals12/see/contents/cumulative_data.csv?ref=main",
      "git": "https://api.github.com/repos/bilals12/see/git/blobs/8445ab92bc3b0fdd16a725b75336dd4be7ad19af",
      "html": "https://github.com/bilals12/see/blob/main/cumulative_data.csv"
    }
  },
  "commit": {
    "sha": "d1982e7b803c8c88a7c5c9dca907798e2679b232",
    "node_id": "C_kwDOMkLNg9oAKGQxOTgyZTdiODAzYzhjODhhN2M1YzlkY2E5MDc3OThlMjY3OWIyMzI",
    "url": "https://api.github.com/repos/bilals12/see/git/commits/d1982e7b803c8c88a7c5c9dca907798e2679b232",
    "html_url": "https://github.com/bilals12/see/commit/d1982e7b803c8c88a7c5c9dca907798e2679b232",
    "author": {
      "name": "bilals12",
      "email": "bilal.s12@protonmail.com",
      "date": "2025-05-03T18:21:52Z"
    },
    "committer": {
      "name": "bilals12",
      "email": "bilal.s12@protonmail.com",
      "date": "2025-05-03T18:21:52Z"
    },
    "tree": {
      "sha": "f3123f726a7ce0aec1f034f6cb01b6d88f8968c9",
      "url": "https://api.github.com/repos/bilals12/see/git/trees/f3123f726a7ce0aec1f034f6cb01b6d88f8968c9"
    },
    "message": "Update cumulative_data.csv - 2025-05-03 18:21:51",
    "parents": [
      {
        "sha": "6c98a9dad3fc3c211a42b6eb7b18ad7e9c233a5b",
        "url": "https://api.github.com/repos/bilals12/see/git/commits/6c98a9dad3fc3c211a42b6eb7b18ad7e9c233a5b",
        "html_url": "https://github.com/bilals12/see/commit/6c98a9dad3fc3c211a42b6eb7b18ad7e9c233a5b"
      }
    ],
    "verification": {
      "verified": false,
      "reason": "unsigned",
      "signature": null,
      "payload": null,
      "verified_at": null
    }
  }
}
Sat May  3 18:21:52 UTC 2025: successfully updated cumulative_data.csv
Sat May  3 18:21:52 UTC 2025: getting SHA for past_24_hours_data.csv
Sat May  3 18:21:52 UTC 2025: found SHA: 2d7749392f47b69254d26f11c6966497171f1072
Sat May  3 18:21:52 UTC 2025: updating past_24_hours_data.csv on GitHub
{
  "content": {
    "name": "past_24_hours_data.csv",
    "path": "past_24_hours_data.csv",
    "sha": "8ef5a78b87b3edd6a879444c848c6cadcf089751",
    "size": 2886,
    "url": "https://api.github.com/repos/bilals12/see/contents/past_24_hours_data.csv?ref=main",
    "html_url": "https://github.com/bilals12/see/blob/main/past_24_hours_data.csv",
    "git_url": "https://api.github.com/repos/bilals12/see/git/blobs/8ef5a78b87b3edd6a879444c848c6cadcf089751",
    "download_url": "https://raw.githubusercontent.com/bilals12/see/main/past_24_hours_data.csv",
    "type": "file",
    "_links": {
      "self": "https://api.github.com/repos/bilals12/see/contents/past_24_hours_data.csv?ref=main",
      "git": "https://api.github.com/repos/bilals12/see/git/blobs/8ef5a78b87b3edd6a879444c848c6cadcf089751",
      "html": "https://github.com/bilals12/see/blob/main/past_24_hours_data.csv"
    }
  },
  "commit": {
    "sha": "4d0ea11acf0bcbed60d1a0b1b5c3a3ccbd7698e4",
    "node_id": "C_kwDOMkLNg9oAKDRkMGVhMTFhY2YwYmNiZWQ2MGQxYTBiMWI1YzNhM2NjYmQ3Njk4ZTQ",
    "url": "https://api.github.com/repos/bilals12/see/git/commits/4d0ea11acf0bcbed60d1a0b1b5c3a3ccbd7698e4",
    "html_url": "https://github.com/bilals12/see/commit/4d0ea11acf0bcbed60d1a0b1b5c3a3ccbd7698e4",
    "author": {
      "name": "bilals12",
      "email": "bilal.s12@protonmail.com",
      "date": "2025-05-03T18:21:53Z"
    },
    "committer": {
      "name": "bilals12",
      "email": "bilal.s12@protonmail.com",
      "date": "2025-05-03T18:21:53Z"
    },
    "tree": {
      "sha": "d010e3ade680155b63e1e0e247902d25a339ee45",
      "url": "https://api.github.com/repos/bilals12/see/git/trees/d010e3ade680155b63e1e0e247902d25a339ee45"
    },
    "message": "Update past_24_hours_data.csv - 2025-05-03 18:21:52",
    "parents": [
      {
        "sha": "d1982e7b803c8c88a7c5c9dca907798e2679b232",
        "url": "https://api.github.com/repos/bilals12/see/git/commits/d1982e7b803c8c88a7c5c9dca907798e2679b232",
        "html_url": "https://github.com/bilals12/see/commit/d1982e7b803c8c88a7c5c9dca907798e2679b232"
      }
    ],
    "verification": {
      "verified": false,
      "reason": "unsigned",
      "signature": null,
      "payload": null,
      "verified_at": null
    }
  }
}
Sat May  3 18:21:53 UTC 2025: successfully updated past_24_hours_data.csv
Mon May  5 12:00:00 EDT 2025: starting GitHub sync
Mon May  5 12:00:00 EDT 2025: getting SHA for cumulative_data.csv
Mon May  5 12:00:01 EDT 2025: found SHA: d429b937d67ff89e053070d456c0c548ba300c7e
Mon May  5 12:00:01 EDT 2025: updating cumulative_data.csv on GitHub
{
  "content": {
    "name": "cumulative_data.csv",
    "path": "cumulative_data.csv",
    "sha": "e3a90a6d214eb31a540afacdeeded65976f615d3",
    "size": 83,
    "url": "https://api.github.com/repos/bilals12/see/contents/cumulative_data.csv?ref=main",
    "html_url": "https://github.com/bilals12/see/blob/main/cumulative_data.csv",
    "git_url": "https://api.github.com/repos/bilals12/see/git/blobs/e3a90a6d214eb31a540afacdeeded65976f615d3",
    "download_url": "https://raw.githubusercontent.com/bilals12/see/main/cumulative_data.csv",
    "type": "file",
    "_links": {
      "self": "https://api.github.com/repos/bilals12/see/contents/cumulative_data.csv?ref=main",
      "git": "https://api.github.com/repos/bilals12/see/git/blobs/e3a90a6d214eb31a540afacdeeded65976f615d3",
      "html": "https://github.com/bilals12/see/blob/main/cumulative_data.csv"
    }
  },
  "commit": {
    "sha": "b326cf5e4e2cbf4a56cbc83b0a49159dceeb6ac6",
    "node_id": "C_kwDOMkLNg9oAKGIzMjZjZjVlNGUyY2JmNGE1NmNiYzgzYjBhNDkxNTlkY2VlYjZhYzY",
    "url": "https://api.github.com/repos/bilals12/see/git/commits/b326cf5e4e2cbf4a56cbc83b0a49159dceeb6ac6",
    "html_url": "https://github.com/bilals12/see/commit/b326cf5e4e2cbf4a56cbc83b0a49159dceeb6ac6",
    "author": {
      "name": "bilals12",
      "email": "bilal.s12@protonmail.com",
      "date": "2025-05-05T16:00:01Z"
    },
    "committer": {
      "name": "bilals12",
      "email": "bilal.s12@protonmail.com",
      "date": "2025-05-05T16:00:01Z"
    },
    "tree": {
      "sha": "f8aa55129d181468d824ced7da256f4bb23d6e67",
      "url": "https://api.github.com/repos/bilals12/see/git/trees/f8aa55129d181468d824ced7da256f4bb23d6e67"
    },
    "message": "Update cumulative_data.csv - 2025-05-05 16:00:01",
    "parents": [
      {
        "sha": "4569b53f649878058ec6f20fdd955f8fe02772cd",
        "url": "https://api.github.com/repos/bilals12/see/git/commits/4569b53f649878058ec6f20fdd955f8fe02772cd",
        "html_url": "https://github.com/bilals12/see/commit/4569b53f649878058ec6f20fdd955f8fe02772cd"
      }
    ],
    "verification": {
      "verified": false,
      "reason": "unsigned",
      "signature": null,
      "payload": null,
      "verified_at": null
    }
  }
}
Mon May  5 12:00:01 EDT 2025: successfully updated cumulative_data.csv
Mon May  5 12:00:01 EDT 2025: getting SHA for past_24_hours_data.csv
Mon May  5 12:00:01 EDT 2025: found SHA: ec52d895acd95d74d89e2107b7898d1bca1c923c
Mon May  5 12:00:01 EDT 2025: updating past_24_hours_data.csv on GitHub
{
  "content": {
    "name": "past_24_hours_data.csv",
    "path": "past_24_hours_data.csv",
    "sha": "96d19b537a6ec0471186183136263cfdb568b5da",
    "size": 1620,
    "url": "https://api.github.com/repos/bilals12/see/contents/past_24_hours_data.csv?ref=main",
    "html_url": "https://github.com/bilals12/see/blob/main/past_24_hours_data.csv",
    "git_url": "https://api.github.com/repos/bilals12/see/git/blobs/96d19b537a6ec0471186183136263cfdb568b5da",
    "download_url": "https://raw.githubusercontent.com/bilals12/see/main/past_24_hours_data.csv",
    "type": "file",
    "_links": {
      "self": "https://api.github.com/repos/bilals12/see/contents/past_24_hours_data.csv?ref=main",
      "git": "https://api.github.com/repos/bilals12/see/git/blobs/96d19b537a6ec0471186183136263cfdb568b5da",
      "html": "https://github.com/bilals12/see/blob/main/past_24_hours_data.csv"
    }
  },
  "commit": {
    "sha": "3b6f91a2e9f74c7b77c19b4daec561c5cce14b27",
    "node_id": "C_kwDOMkLNg9oAKDNiNmY5MWEyZTlmNzRjN2I3N2MxOWI0ZGFlYzU2MWM1Y2NlMTRiMjc",
    "url": "https://api.github.com/repos/bilals12/see/git/commits/3b6f91a2e9f74c7b77c19b4daec561c5cce14b27",
    "html_url": "https://github.com/bilals12/see/commit/3b6f91a2e9f74c7b77c19b4daec561c5cce14b27",
    "author": {
      "name": "bilals12",
      "email": "bilal.s12@protonmail.com",
      "date": "2025-05-05T16:00:02Z"
    },
    "committer": {
      "name": "bilals12",
      "email": "bilal.s12@protonmail.com",
      "date": "2025-05-05T16:00:02Z"
    },
    "tree": {
      "sha": "83620771ed0dba280f4aea74175eaeaf84b08352",
      "url": "https://api.github.com/repos/bilals12/see/git/trees/83620771ed0dba280f4aea74175eaeaf84b08352"
    },
    "message": "Update past_24_hours_data.csv - 2025-05-05 16:00:01",
    "parents": [
      {
        "sha": "b326cf5e4e2cbf4a56cbc83b0a49159dceeb6ac6",
        "url": "https://api.github.com/repos/bilals12/see/git/commits/b326cf5e4e2cbf4a56cbc83b0a49159dceeb6ac6",
        "html_url": "https://github.com/bilals12/see/commit/b326cf5e4e2cbf4a56cbc83b0a49159dceeb6ac6"
      }
    ],
    "verification": {
      "verified": false,
      "reason": "unsigned",
      "signature": null,
      "payload": null,
      "verified_at": null
    }
  }
}
Mon May  5 12:00:02 EDT 2025: successfully updated past_24_hours_data.csv
Mon May  5 18:14:33 UTC 2025: starting GitHub sync
Mon May  5 18:14:33 UTC 2025: getting SHA for cumulative_data.csv
Mon May  5 18:14:33 UTC 2025: found SHA: e3a90a6d214eb31a540afacdeeded65976f615d3
Mon May  5 18:14:33 UTC 2025: updating cumulative_data.csv on GitHub
{
  "content": {
    "name": "cumulative_data.csv",
    "path": "cumulative_data.csv",
    "sha": "6a62bd5e456333cdcc05297d545d57acd264c4d9",
    "size": 83,
    "url": "https://api.github.com/repos/bilals12/see/contents/cumulative_data.csv?ref=main",
    "html_url": "https://github.com/bilals12/see/blob/main/cumulative_data.csv",
    "git_url": "https://api.github.com/repos/bilals12/see/git/blobs/6a62bd5e456333cdcc05297d545d57acd264c4d9",
    "download_url": "https://raw.githubusercontent.com/bilals12/see/main/cumulative_data.csv",
    "type": "file",
    "_links": {
      "self": "https://api.github.com/repos/bilals12/see/contents/cumulative_data.csv?ref=main",
      "git": "https://api.github.com/repos/bilals12/see/git/blobs/6a62bd5e456333cdcc05297d545d57acd264c4d9",
      "html": "https://github.com/bilals12/see/blob/main/cumulative_data.csv"
    }
  },
  "commit": {
    "sha": "00f60176b09f7a201d4157caba8c1d4d5ed95a53",
    "node_id": "C_kwDOMkLNg9oAKDAwZjYwMTc2YjA5ZjdhMjAxZDQxNTdjYWJhOGMxZDRkNWVkOTVhNTM",
    "url": "https://api.github.com/repos/bilals12/see/git/commits/00f60176b09f7a201d4157caba8c1d4d5ed95a53",
    "html_url": "https://github.com/bilals12/see/commit/00f60176b09f7a201d4157caba8c1d4d5ed95a53",
    "author": {
      "name": "bilals12",
      "email": "bilal.s12@protonmail.com",
      "date": "2025-05-05T18:14:33Z"
    },
    "committer": {
      "name": "bilals12",
      "email": "bilal.s12@protonmail.com",
      "date": "2025-05-05T18:14:33Z"
    },
    "tree": {
      "sha": "726fc7ddf903c62608754ce05441b2a4c5597cde",
      "url": "https://api.github.com/repos/bilals12/see/git/trees/726fc7ddf903c62608754ce05441b2a4c5597cde"
    },
    "message": "Update cumulative_data.csv - 2025-05-05 18:14:33",
    "parents": [
      {
        "sha": "3b6f91a2e9f74c7b77c19b4daec561c5cce14b27",
        "url": "https://api.github.com/repos/bilals12/see/git/commits/3b6f91a2e9f74c7b77c19b4daec561c5cce14b27",
        "html_url": "https://github.com/bilals12/see/commit/3b6f91a2e9f74c7b77c19b4daec561c5cce14b27"
      }
    ],
    "verification": {
      "verified": false,
      "reason": "unsigned",
      "signature": null,
      "payload": null,
      "verified_at": null
    }
  }
}
Mon May  5 18:14:34 UTC 2025: successfully updated cumulative_data.csv
Mon May  5 18:14:34 UTC 2025: getting SHA for past_24_hours_data.csv
Mon May  5 18:14:34 UTC 2025: found SHA: 96d19b537a6ec0471186183136263cfdb568b5da
Mon May  5 18:14:34 UTC 2025: updating past_24_hours_data.csv on GitHub
{
  "content": {
    "name": "past_24_hours_data.csv",
    "path": "past_24_hours_data.csv",
    "sha": "938ab991ff95f5efb3bb70755d64bfe0aae7f153",
    "size": 2167,
    "url": "https://api.github.com/repos/bilals12/see/contents/past_24_hours_data.csv?ref=main",
    "html_url": "https://github.com/bilals12/see/blob/main/past_24_hours_data.csv",
    "git_url": "https://api.github.com/repos/bilals12/see/git/blobs/938ab991ff95f5efb3bb70755d64bfe0aae7f153",
    "download_url": "https://raw.githubusercontent.com/bilals12/see/main/past_24_hours_data.csv",
    "type": "file",
    "_links": {
      "self": "https://api.github.com/repos/bilals12/see/contents/past_24_hours_data.csv?ref=main",
      "git": "https://api.github.com/repos/bilals12/see/git/blobs/938ab991ff95f5efb3bb70755d64bfe0aae7f153",
      "html": "https://github.com/bilals12/see/blob/main/past_24_hours_data.csv"
    }
  },
  "commit": {
    "sha": "d0dd0b7ce4d881b883ace12aa8bf2ebe61f99baf",
    "node_id": "C_kwDOMkLNg9oAKGQwZGQwYjdjZTRkODgxYjg4M2FjZTEyYWE4YmYyZWJlNjFmOTliYWY",
    "url": "https://api.github.com/repos/bilals12/see/git/commits/d0dd0b7ce4d881b883ace12aa8bf2ebe61f99baf",
    "html_url": "https://github.com/bilals12/see/commit/d0dd0b7ce4d881b883ace12aa8bf2ebe61f99baf",
    "author": {
      "name": "bilals12",
      "email": "bilal.s12@protonmail.com",
      "date": "2025-05-05T18:14:34Z"
    },
    "committer": {
      "name": "bilals12",
      "email": "bilal.s12@protonmail.com",
      "date": "2025-05-05T18:14:34Z"
    },
    "tree": {
      "sha": "85142884e77a648d4860f50638e36e132fda60c7",
      "url": "https://api.github.com/repos/bilals12/see/git/trees/85142884e77a648d4860f50638e36e132fda60c7"
    },
    "message": "Update past_24_hours_data.csv - 2025-05-05 18:14:34",
    "parents": [
      {
        "sha": "00f60176b09f7a201d4157caba8c1d4d5ed95a53",
        "url": "https://api.github.com/repos/bilals12/see/git/commits/00f60176b09f7a201d4157caba8c1d4d5ed95a53",
        "html_url": "https://github.com/bilals12/see/commit/00f60176b09f7a201d4157caba8c1d4d5ed95a53"
      }
    ],
    "verification": {
      "verified": false,
      "reason": "unsigned",
      "signature": null,
      "payload": null,
      "verified_at": null
    }
  }
}
Mon May  5 18:14:35 UTC 2025: successfully updated past_24_hours_data.csv
